[nid.naver.com/nidlogin.html]
[backblue.gif]
[fade.gif]
[index.html]
[ssl.pstatic.net/static/nid/account/naver_og_image.png]
[nid.naver.com/login/image/favicon.ico]
[s.pstatic.net/static/www/mobile/edit/20220408_0/upload_16493972759253VFbg.png]
[s.pstatic.net/static/www/mobile/edit/20220408_0/upload_1649397297725OckVW.png]
[s.pstatic.net/static/www/mobile/edit/20220408_0/upload_1649397312685xI8Rn.png]
[s.pstatic.net/static/www/mobile/edit/20220408_0/upload_1649397328060s5AJW.png]
[nid.naver.com/login/css/global/desktop/w_20240404cb1c.css]
[nid.naver.com/login/ext/help_ip3.html]
[nid.naver.com/user2/help/pwInquiry380c.html]
[nid.naver.com/user2/help/idInquiry380c.html]
[nid.naver.com/user2/join/agree116f.html]
[nid.naver.com/nidlogin.html]
[ssl.pstatic.net/static/nid/login/m_sp_00_common_978240a6.png]
[nid.naver.com/login/css/global/desktop/w_20240404cb1c.css]
[nid.naver.com/login/js/v2/module/output/default/common_202105ec92.js]
[nid.naver.com/login/js/v2/module/output/default/default_202105ec92.js]
[nid.naver.com/login/css/security2.css]
[static.nid.naver.com/images/login/common/h_ip_security_set_v2.gif]
[static.nid.naver.com/images/login/common/tab_scr_ip_on_v2.gif]
[static.nid.naver.com/images/login/common/h_ip_security.gif]
[static.nid.naver.com/images/login/common/p_ip_security.gif]
[static.nid.naver.com/images/login/common/h_set_scr_ip.gif]
[static.nid.naver.com/images/login/common/btn_on.gif]
[static.nid.naver.com/images/login/common/btn_off.gif]
[static.nid.naver.com/images/login/common/h_ip1.gif]
[static.nid.naver.com/images/login/common/h_ip2.gif]
[static.nid.naver.com/images/login/common/h_ip3.gif]
[static.nid.naver.com/images/login/common/h_nouse.gif]
[static.nid.naver.com/images/login/common/btn_more_help.gif]
[nid.naver.com/login/ext/help_ip3.html]
[nid.naver.com/user2/help/pwInquiry380c.html]
[nid.naver.com/user2/help/idInquiry380c.html]
[nid.naver.com/inc/common/js/base64.js]
[nid.naver.com/inc/user/css/realname.min61a8.css]
[nid.naver.com/inc/user/css/realname_dark.min07e0.css]
[nid.naver.com/inc/common/js/lcslog8231.js]
[nid.naver.com/inc/common/js/nclk_v0.8.18231.js]
[nid.naver.com/user2/common/terms/terms24908.html]
[nid.naver.com/user2/common/terms/terms2f4d4.html]
[nid.naver.com/user2/join/groupJoin380c.html]
[nid.naver.com/user2/join/agree116f.html]
[nid.naver.com/inc/common/js/jquery.min.js]
[static.nid.naver.com/images/login/bg_security.gif]
[static.nid.naver.com/images/login/bg_box.gif]
[static.nid.naver.com/images/login/line_double.gif]
[nid.naver.com/login/css/security2.css]
[nid.naver.com/inc/user/css/realname.min61a8.css]
[nid.naver.com/inc/user/css/realname_dark.min07e0.css]
[nid.naver.com/user2/common/terms/terms24908.html]
[nid.naver.com/user2/common/terms/terms2f4d4.html]
[nid.naver.com/inc/common/css/join.min57d4.css]
[nid.naver.com/inc/user/css/join_group6e2e.css]
[nid.naver.com/user2/join/groupJoin380c.html]
[nid.naver.com/inc/common/css/join.min57d4.css]
[nid.naver.com/inc/user/css/join_group6e2e.css]
[nid.naver.com/inc/common/js/sp.js]
[static.nid.naver.com/images/login/bg_pop_header_v2.gif]
